// Jest Snapshot v1, https://goo.gl/fbAQLP

exports[`renders product details 1`] = `
Object {
  "asFragment": [Function],
  "baseElement": <body>
    <div>
      <div
        class="sc-ghWlax jRjUoo"
      >
        <div
          class="sc-kLhKbu gxxUYy"
        >
          <img
            alt="Fjallraven - Foldsack No. 1 Backpack, Fits 15 Laptops"
            src="https://fakestoreapi.com/img/81fPKd-2AYL._AC_SL1500_.jpg"
          />
          <div
            class="sc-ixGGxD ekIrVL"
          >
            <h3
              data-testid="title"
            >
              Fjallraven - Foldsack No. 1 Backpack, Fits 15 Laptops
            </h3>
            <div>
              Your perfect pack for everyday use and walks in the forest. Stash your laptop (up to 15 inches) in the padded sleeve, your everyday
            </div>
            <div>
              Price: $
              109.95
            </div>
            <div>
              Customer Rating: 
              3.9
            </div>
          </div>
        </div>
      </div>
    </div>
  </body>,
  "container": <div>
    <div
      class="sc-ghWlax jRjUoo"
    >
      <div
        class="sc-kLhKbu gxxUYy"
      >
        <img
          alt="Fjallraven - Foldsack No. 1 Backpack, Fits 15 Laptops"
          src="https://fakestoreapi.com/img/81fPKd-2AYL._AC_SL1500_.jpg"
        />
        <div
          class="sc-ixGGxD ekIrVL"
        >
          <h3
            data-testid="title"
          >
            Fjallraven - Foldsack No. 1 Backpack, Fits 15 Laptops
          </h3>
          <div>
            Your perfect pack for everyday use and walks in the forest. Stash your laptop (up to 15 inches) in the padded sleeve, your everyday
          </div>
          <div>
            Price: $
            109.95
          </div>
          <div>
            Customer Rating: 
            3.9
          </div>
        </div>
      </div>
    </div>
  </div>,
  "debug": [Function],
  "findAllByAltText": [Function],
  "findAllByDisplayValue": [Function],
  "findAllByLabelText": [Function],
  "findAllByPlaceholderText": [Function],
  "findAllByRole": [Function],
  "findAllByTestId": [Function],
  "findAllByText": [Function],
  "findAllByTitle": [Function],
  "findByAltText": [Function],
  "findByDisplayValue": [Function],
  "findByLabelText": [Function],
  "findByPlaceholderText": [Function],
  "findByRole": [Function],
  "findByTestId": [Function],
  "findByText": [Function],
  "findByTitle": [Function],
  "getAllByAltText": [Function],
  "getAllByDisplayValue": [Function],
  "getAllByLabelText": [Function],
  "getAllByPlaceholderText": [Function],
  "getAllByRole": [Function],
  "getAllByTestId": [Function],
  "getAllByText": [Function],
  "getAllByTitle": [Function],
  "getByAltText": [Function],
  "getByDisplayValue": [Function],
  "getByLabelText": [Function],
  "getByPlaceholderText": [Function],
  "getByRole": [Function],
  "getByTestId": [Function],
  "getByText": [Function],
  "getByTitle": [Function],
  "queryAllByAltText": [Function],
  "queryAllByDisplayValue": [Function],
  "queryAllByLabelText": [Function],
  "queryAllByPlaceholderText": [Function],
  "queryAllByRole": [Function],
  "queryAllByTestId": [Function],
  "queryAllByText": [Function],
  "queryAllByTitle": [Function],
  "queryByAltText": [Function],
  "queryByDisplayValue": [Function],
  "queryByLabelText": [Function],
  "queryByPlaceholderText": [Function],
  "queryByRole": [Function],
  "queryByTestId": [Function],
  "queryByText": [Function],
  "queryByTitle": [Function],
  "rerender": [Function],
  "unmount": [Function],
}
`;
